Archive member included because of file (symbol)

c:/program files (x86)/gnu tools arm embedded/4.9 2015q1/bin/../lib/gcc/arm-none-eabi/4.9.3/../../../../arm-none-eabi/lib/armv7e-m/softfp\libg.a(lib_a-memcpy.o)
                              ..\obj\process_can_inj.o (memcpy)
c:/program files (x86)/gnu tools arm embedded/4.9 2015q1/bin/../lib/gcc/arm-none-eabi/4.9.3/../../../../arm-none-eabi/lib/armv7e-m/softfp\libg.a(lib_a-memset.o)
                              ..\obj\tasks.o (memset)
c:/program files (x86)/gnu tools arm embedded/4.9 2015q1/bin/../lib/gcc/arm-none-eabi/4.9.3/../../../../arm-none-eabi/lib/armv7e-m/softfp\libg.a(lib_a-strlen.o)
                              ..\obj\process_can_inj.o (strlen)

Allocating common symbols
Common symbol       size              file

PROCESS_STATE_INJ   0x1               ..\obj\com_pc.o
xQueueRegistry      0x40              ..\obj\queue.o
xQueueISRToRead     0x4               ..\obj\main.o
xMessage_data_brut  0xbe              ..\obj\com_pc.o
ProcessQueue        0x4               ..\obj\main.o
PROCESS_STATE       0x1               ..\obj\com_pc.o
RxQueue             0x4               ..\obj\main.o
xQueueInject        0x4               ..\obj\main.o

Discarded input sections

 .text          0x00000000        0x0 ..\obj\stm32f4xx_usart.o
 .data          0x00000000        0x0 ..\obj\stm32f4xx_usart.o
 .bss           0x00000000        0x0 ..\obj\stm32f4xx_usart.o
 .text.USART_DeInit
                0x00000000       0xd0 ..\obj\stm32f4xx_usart.o
 .text.USART_StructInit
                0x00000000       0x38 ..\obj\stm32f4xx_usart.o
 .text.USART_ClockInit
                0x00000000       0x54 ..\obj\stm32f4xx_usart.o
 .text.USART_ClockStructInit
                0x00000000       0x2c ..\obj\stm32f4xx_usart.o
 .text.USART_SetPrescaler
                0x00000000       0x38 ..\obj\stm32f4xx_usart.o
 .text.USART_OverSampling8Cmd
                0x00000000       0x44 ..\obj\stm32f4xx_usart.o
 .text.USART_OneBitMethodCmd
                0x00000000       0x40 ..\obj\stm32f4xx_usart.o
 .text.USART_ReceiveData
                0x00000000       0x20 ..\obj\stm32f4xx_usart.o
 .text.USART_SetAddress
                0x00000000       0x38 ..\obj\stm32f4xx_usart.o
 .text.USART_ReceiverWakeUpCmd
                0x00000000       0x40 ..\obj\stm32f4xx_usart.o
 .text.USART_WakeUpConfig
                0x00000000       0x38 ..\obj\stm32f4xx_usart.o
 .text.USART_LINBreakDetectLengthConfig
                0x00000000       0x38 ..\obj\stm32f4xx_usart.o
 .text.USART_LINCmd
                0x00000000       0x40 ..\obj\stm32f4xx_usart.o
 .text.USART_SendBreak
                0x00000000       0x24 ..\obj\stm32f4xx_usart.o
 .text.USART_HalfDuplexCmd
                0x00000000       0x40 ..\obj\stm32f4xx_usart.o
 .text.USART_SetGuardTime
                0x00000000       0x3c ..\obj\stm32f4xx_usart.o
 .text.USART_SmartCardCmd
                0x00000000       0x40 ..\obj\stm32f4xx_usart.o
 .text.USART_SmartCardNACKCmd
                0x00000000       0x40 ..\obj\stm32f4xx_usart.o
 .text.USART_IrDAConfig
                0x00000000       0x38 ..\obj\stm32f4xx_usart.o
 .text.USART_IrDACmd
                0x00000000       0x40 ..\obj\stm32f4xx_usart.o
 .text.USART_DMACmd
                0x00000000       0x48 ..\obj\stm32f4xx_usart.o
 .text.USART_ClearFlag
                0x00000000       0x20 ..\obj\stm32f4xx_usart.o
 .text.USART_GetITStatus
                0x00000000       0xb8 ..\obj\stm32f4xx_usart.o
 .text.USART_ClearITPendingBit
                0x00000000       0x38 ..\obj\stm32f4xx_usart.o
 .text          0x00000000        0x0 ..\obj\startup_stm32f4xx.o
 .data          0x00000000        0x0 ..\obj\startup_stm32f4xx.o
 .bss           0x00000000        0x0 ..\obj\startup_stm32f4xx.o
 .text          0x00000000        0x0 ..\obj\com_pc.o
 .data          0x00000000        0x0 ..\obj\com_pc.o
 .text          0x00000000        0x0 ..\obj\main.o
 .data          0x00000000        0x0 ..\obj\main.o
 .text          0x00000000        0x0 ..\obj\stm32f4xx_rcc.o
 .bss           0x00000000        0x0 ..\obj\stm32f4xx_rcc.o
 .text.RCC_DeInit
                0x00000000       0x50 ..\obj\stm32f4xx_rcc.o
 .text.RCC_HSEConfig
                0x00000000       0x24 ..\obj\stm32f4xx_rcc.o
 .text.RCC_WaitForHSEStartUp
                0x00000000       0x50 ..\obj\stm32f4xx_rcc.o
 .text.RCC_AdjustHSICalibrationValue
                0x00000000       0x3c ..\obj\stm32f4xx_rcc.o
 .text.RCC_HSICmd
                0x00000000       0x20 ..\obj\stm32f4xx_rcc.o
 .text.RCC_LSEConfig
                0x00000000       0x40 ..\obj\stm32f4xx_rcc.o
 .text.RCC_LSICmd
                0x00000000       0x20 ..\obj\stm32f4xx_rcc.o
 .text.RCC_PLLConfig
                0x00000000       0x3c ..\obj\stm32f4xx_rcc.o
 .text.RCC_PLLCmd
                0x00000000       0x20 ..\obj\stm32f4xx_rcc.o
 .text.RCC_PLLI2SConfig
                0x00000000       0x28 ..\obj\stm32f4xx_rcc.o
 .text.RCC_PLLI2SCmd
                0x00000000       0x20 ..\obj\stm32f4xx_rcc.o
 .text.RCC_ClockSecuritySystemCmd
                0x00000000       0x20 ..\obj\stm32f4xx_rcc.o
 .text.RCC_MCO1Config
                0x00000000       0x3c ..\obj\stm32f4xx_rcc.o
 .text.RCC_MCO2Config
                0x00000000       0x3c ..\obj\stm32f4xx_rcc.o
 .text.RCC_SYSCLKConfig
                0x00000000       0x38 ..\obj\stm32f4xx_rcc.o
 .text.RCC_GetSYSCLKSource
                0x00000000       0x20 ..\obj\stm32f4xx_rcc.o
 .text.RCC_HCLKConfig
                0x00000000       0x38 ..\obj\stm32f4xx_rcc.o
 .text.RCC_PCLK1Config
                0x00000000       0x38 ..\obj\stm32f4xx_rcc.o
 .text.RCC_PCLK2Config
                0x00000000       0x38 ..\obj\stm32f4xx_rcc.o
 .text.RCC_RTCCLKConfig
                0x00000000       0x5c ..\obj\stm32f4xx_rcc.o
 .text.RCC_RTCCLKCmd
                0x00000000       0x20 ..\obj\stm32f4xx_rcc.o
 .text.RCC_BackupResetCmd
                0x00000000       0x20 ..\obj\stm32f4xx_rcc.o
 .text.RCC_I2SCLKConfig
                0x00000000       0x1c ..\obj\stm32f4xx_rcc.o
 .text.RCC_AHB2PeriphClockCmd
                0x00000000       0x3c ..\obj\stm32f4xx_rcc.o
 .text.RCC_AHB3PeriphClockCmd
                0x00000000       0x3c ..\obj\stm32f4xx_rcc.o
 .text.RCC_AHB1PeriphResetCmd
                0x00000000       0x3c ..\obj\stm32f4xx_rcc.o
 .text.RCC_AHB2PeriphResetCmd
                0x00000000       0x3c ..\obj\stm32f4xx_rcc.o
 .text.RCC_AHB3PeriphResetCmd
                0x00000000       0x3c ..\obj\stm32f4xx_rcc.o
 .text.RCC_AHB1PeriphClockLPModeCmd
                0x00000000       0x3c ..\obj\stm32f4xx_rcc.o
 .text.RCC_AHB2PeriphClockLPModeCmd
                0x00000000       0x3c ..\obj\stm32f4xx_rcc.o
 .text.RCC_AHB3PeriphClockLPModeCmd
                0x00000000       0x3c ..\obj\stm32f4xx_rcc.o
 .text.RCC_APB1PeriphClockLPModeCmd
                0x00000000       0x3c ..\obj\stm32f4xx_rcc.o
 .text.RCC_APB2PeriphClockLPModeCmd
                0x00000000       0x3c ..\obj\stm32f4xx_rcc.o
 .text.RCC_ITConfig
                0x00000000       0x4c ..\obj\stm32f4xx_rcc.o
 .text.RCC_GetFlagStatus
                0x00000000       0x74 ..\obj\stm32f4xx_rcc.o
 .text.RCC_ClearFlag
                0x00000000       0x1c ..\obj\stm32f4xx_rcc.o
 .text.RCC_GetITStatus
                0x00000000       0x38 ..\obj\stm32f4xx_rcc.o
 .text.RCC_ClearITPendingBit
                0x00000000       0x20 ..\obj\stm32f4xx_rcc.o
 .text          0x00000000        0x0 ..\obj\timers.o
 .data          0x00000000        0x0 ..\obj\timers.o
 .text.xTimerCreate
                0x00000000       0x6c ..\obj\timers.o
 .text.xTimerIsTimerActive
                0x00000000       0x30 ..\obj\timers.o
 .text.pvTimerGetTimerID
                0x00000000       0x1c ..\obj\timers.o
 .text          0x00000000        0x0 ..\obj\tasks.o
 .text.vTaskDelete
                0x00000000       0xa4 ..\obj\tasks.o
 .text.vTaskDelayUntil
                0x00000000       0xc0 ..\obj\tasks.o
 .text.uxTaskPriorityGet
                0x00000000       0x34 ..\obj\tasks.o
 .text.vTaskPrioritySet
                0x00000000      0x124 ..\obj\tasks.o
 .text.vTaskEndScheduler
                0x00000000       0x18 ..\obj\tasks.o
 .text.xTaskGetTickCountFromISR
                0x00000000       0x2c ..\obj\tasks.o
 .text.uxTaskGetNumberOfTasks
                0x00000000       0x18 ..\obj\tasks.o
 .text.uxTaskGetSystemState
                0x00000000       0xdc ..\obj\tasks.o
 .text.vTaskPlaceOnUnorderedEventList
                0x00000000       0x5c ..\obj\tasks.o
 .text.xTaskRemoveFromUnorderedEventList
                0x00000000       0xb8 ..\obj\tasks.o
 .text.uxTaskGetTaskNumber
                0x00000000       0x2c ..\obj\tasks.o
 .text.vTaskSetTaskNumber
                0x00000000       0x24 ..\obj\tasks.o
 .text.prvListTaskWithinSingleList
                0x00000000       0xfc ..\obj\tasks.o
 .text.prvTaskCheckFreeStackSpace
                0x00000000       0x38 ..\obj\tasks.o
 .text.uxTaskResetEventItemValue
                0x00000000       0x30 ..\obj\tasks.o
 .text          0x00000000        0x0 ..\obj\leds.o
 .data          0x00000000        0x0 ..\obj\leds.o
 .bss           0x00000000        0x0 ..\obj\leds.o
 .text          0x00000000        0x0 ..\obj\process_can_inj.o
 .data          0x00000000        0x0 ..\obj\process_can_inj.o
 .bss           0x00000000        0x2 ..\obj\process_can_inj.o
 .text.MakeCRC_INJ
                0x00000000      0x168 ..\obj\process_can_inj.o
 .text.concatenateBits
                0x00000000       0x5c ..\obj\process_can_inj.o
 .text          0x00000000        0x0 ..\obj\stm32f4xx_gpio.o
 .data          0x00000000        0x0 ..\obj\stm32f4xx_gpio.o
 .bss           0x00000000        0x0 ..\obj\stm32f4xx_gpio.o
 .text.GPIO_DeInit
                0x00000000      0x120 ..\obj\stm32f4xx_gpio.o
 .text.GPIO_StructInit
                0x00000000       0x34 ..\obj\stm32f4xx_gpio.o
 .text.GPIO_PinLockConfig
                0x00000000       0x44 ..\obj\stm32f4xx_gpio.o
 .text.GPIO_ReadInputDataBit
                0x00000000       0x34 ..\obj\stm32f4xx_gpio.o
 .text.GPIO_ReadInputData
                0x00000000       0x1c ..\obj\stm32f4xx_gpio.o
 .text.GPIO_ReadOutputDataBit
                0x00000000       0x34 ..\obj\stm32f4xx_gpio.o
 .text.GPIO_ReadOutputData
                0x00000000       0x1c ..\obj\stm32f4xx_gpio.o
 .text.GPIO_Write
                0x00000000       0x1c ..\obj\stm32f4xx_gpio.o
 .text.GPIO_ToggleBits
                0x00000000       0x24 ..\obj\stm32f4xx_gpio.o
 .text          0x00000000        0x0 ..\obj\list.o
 .data          0x00000000        0x0 ..\obj\list.o
 .bss           0x00000000        0x0 ..\obj\list.o
 .text          0x00000000        0x0 ..\obj\system_stm32f4xx.o
 .bss           0x00000000        0x0 ..\obj\system_stm32f4xx.o
 .text.SystemCoreClockUpdate
                0x00000000       0xf8 ..\obj\system_stm32f4xx.o
 .text          0x00000000        0x0 ..\obj\process_can.o
 .data          0x00000000        0x0 ..\obj\process_can.o
 .bss           0x00000000        0x0 ..\obj\process_can.o
 .text          0x00000000        0x0 ..\obj\port.o
 .rodata        0x00000000        0x4 ..\obj\port.o
 .text.vPortEndScheduler
                0x00000000       0x1c ..\obj\port.o
 .text          0x00000000        0x0 ..\obj\queue.o
 .data          0x00000000        0x0 ..\obj\queue.o
 .bss           0x00000000        0x0 ..\obj\queue.o
 .text.xQueueGiveMutexRecursive
                0x00000000       0x58 ..\obj\queue.o
 .text.xQueueTakeMutexRecursive
                0x00000000       0x60 ..\obj\queue.o
 .text.xQueueCreateCountingSemaphore
                0x00000000       0x54 ..\obj\queue.o
 .text.xQueuePeekFromISR
                0x00000000       0x78 ..\obj\queue.o
 .text.uxQueueMessagesWaiting
                0x00000000       0x2c ..\obj\queue.o
 .text.uxQueueSpacesAvailable
                0x00000000       0x38 ..\obj\queue.o
 .text.uxQueueMessagesWaitingFromISR
                0x00000000       0x24 ..\obj\queue.o
 .text.vQueueDelete
                0x00000000       0x3c ..\obj\queue.o
 .text.uxQueueGetQueueNumber
                0x00000000       0x18 ..\obj\queue.o
 .text.vQueueSetQueueNumber
                0x00000000       0x1c ..\obj\queue.o
 .text.ucQueueGetQueueType
                0x00000000       0x1c ..\obj\queue.o
 .text.xQueueIsQueueEmptyFromISR
                0x00000000       0x30 ..\obj\queue.o
 .text.xQueueIsQueueFullFromISR
                0x00000000       0x34 ..\obj\queue.o
 .text.vQueueUnregisterQueue
                0x00000000       0x44 ..\obj\queue.o
 .text          0x00000000        0x0 ..\obj\croutine.o
 .data          0x00000000        0x0 ..\obj\croutine.o
 .bss           0x00000000       0x80 ..\obj\croutine.o
 .text.xCoRoutineCreate
                0x00000000       0xcc ..\obj\croutine.o
 .text.vCoRoutineAddToDelayedList
                0x00000000       0x84 ..\obj\croutine.o
 .text.prvCheckPendingReadyList
                0x00000000       0x78 ..\obj\croutine.o
 .text.prvCheckDelayedList
                0x00000000       0xf4 ..\obj\croutine.o
 .text.vCoRoutineSchedule
                0x00000000       0xa0 ..\obj\croutine.o
 .text.prvInitialiseCoRoutineLists
                0x00000000       0x68 ..\obj\croutine.o
 .text.xCoRoutineRemoveFromEventList
                0x00000000       0x50 ..\obj\croutine.o
 .debug_info    0x00000000      0x4ba ..\obj\croutine.o
 .debug_abbrev  0x00000000      0x17e ..\obj\croutine.o
 .debug_aranges
                0x00000000       0x50 ..\obj\croutine.o
 .debug_ranges  0x00000000       0x40 ..\obj\croutine.o
 .debug_line    0x00000000      0x315 ..\obj\croutine.o
 .debug_str     0x00000000      0x4fb ..\obj\croutine.o
 .comment       0x00000000       0x71 ..\obj\croutine.o
 .debug_frame   0x00000000      0x10c ..\obj\croutine.o
 .ARM.attributes
                0x00000000       0x37 ..\obj\croutine.o
 .text          0x00000000        0x0 ..\obj\stm32f4xx_exti.o
 .data          0x00000000        0x0 ..\obj\stm32f4xx_exti.o
 .bss           0x00000000        0x0 ..\obj\stm32f4xx_exti.o
 .text.EXTI_StructInit
                0x00000000       0x2c ..\obj\stm32f4xx_exti.o
 .text.EXTI_GenerateSWInterrupt
                0x00000000       0x24 ..\obj\stm32f4xx_exti.o
 .text.EXTI_GetFlagStatus
                0x00000000       0x34 ..\obj\stm32f4xx_exti.o
 .text.EXTI_ClearFlag
                0x00000000       0x1c ..\obj\stm32f4xx_exti.o
 .text          0x00000000        0x0 ..\obj\misc.o
 .data          0x00000000        0x0 ..\obj\misc.o
 .bss           0x00000000        0x0 ..\obj\misc.o
 .text.NVIC_PriorityGroupConfig
                0x00000000       0x24 ..\obj\misc.o
 .text.NVIC_SetVectorTable
                0x00000000       0x2c ..\obj\misc.o
 .text.NVIC_SystemLPConfig
                0x00000000       0x40 ..\obj\misc.o
 .text.SysTick_CLKSourceConfig
                0x00000000       0x38 ..\obj\misc.o
 .text          0x00000000        0x0 ..\obj\com_can.o
 .data          0x00000000        0x0 ..\obj\com_can.o
 .text          0x00000000        0x0 ..\obj\heap_2.o
 .rodata        0x00000000        0x2 ..\obj\heap_2.o
 .text.xPortGetFreeHeapSize
                0x00000000       0x18 ..\obj\heap_2.o
 .text.vPortInitialiseBlocks
                0x00000000        0xc ..\obj\heap_2.o
 .text          0x00000000        0x0 ..\obj\stm32f4xx_tim.o
 .data          0x00000000        0x0 ..\obj\stm32f4xx_tim.o
 .bss           0x00000000        0x0 ..\obj\stm32f4xx_tim.o
 .text.TIM_TimeBaseStructInit
                0x00000000       0x34 ..\obj\stm32f4xx_tim.o
 .text.TIM_PrescalerConfig
                0x00000000       0x28 ..\obj\stm32f4xx_tim.o
 .text.TIM_CounterModeConfig
                0x00000000       0x38 ..\obj\stm32f4xx_tim.o
 .text.TIM_SetAutoreload
                0x00000000       0x1c ..\obj\stm32f4xx_tim.o
 .text.TIM_GetCounter
                0x00000000       0x18 ..\obj\stm32f4xx_tim.o
 .text.TIM_GetPrescaler
                0x00000000       0x1c ..\obj\stm32f4xx_tim.o
 .text.TIM_UpdateDisableConfig
                0x00000000       0x40 ..\obj\stm32f4xx_tim.o
 .text.TIM_UpdateRequestConfig
                0x00000000       0x40 ..\obj\stm32f4xx_tim.o
 .text.TIM_ARRPreloadConfig
                0x00000000       0x40 ..\obj\stm32f4xx_tim.o
 .text.TIM_SelectOnePulseMode
                0x00000000       0x38 ..\obj\stm32f4xx_tim.o
 .text.TIM_SetClockDivision
                0x00000000       0x38 ..\obj\stm32f4xx_tim.o
 .text.TIM_OC1Init
                0x00000000       0xf4 ..\obj\stm32f4xx_tim.o
 .text.TIM_OC2Init
                0x00000000      0x110 ..\obj\stm32f4xx_tim.o
 .text.TIM_OC3Init
                0x00000000      0x10c ..\obj\stm32f4xx_tim.o
 .text.TIM_OC4Init
                0x00000000       0xcc ..\obj\stm32f4xx_tim.o
 .text.TIM_OCStructInit
                0x00000000       0x44 ..\obj\stm32f4xx_tim.o
 .text.TIM_SelectOCxM
                0x00000000       0xb0 ..\obj\stm32f4xx_tim.o
 .text.TIM_SetCompare1
                0x00000000       0x1c ..\obj\stm32f4xx_tim.o
 .text.TIM_SetCompare2
                0x00000000       0x1c ..\obj\stm32f4xx_tim.o
 .text.TIM_SetCompare3
                0x00000000       0x1c ..\obj\stm32f4xx_tim.o
 .text.TIM_SetCompare4
                0x00000000       0x1c ..\obj\stm32f4xx_tim.o
 .text.TIM_ForcedOC1Config
                0x00000000       0x38 ..\obj\stm32f4xx_tim.o
 .text.TIM_ForcedOC2Config
                0x00000000       0x3c ..\obj\stm32f4xx_tim.o
 .text.TIM_ForcedOC3Config
                0x00000000       0x38 ..\obj\stm32f4xx_tim.o
 .text.TIM_ForcedOC4Config
                0x00000000       0x3c ..\obj\stm32f4xx_tim.o
 .text.TIM_OC1PreloadConfig
                0x00000000       0x38 ..\obj\stm32f4xx_tim.o
 .text.TIM_OC2PreloadConfig
                0x00000000       0x3c ..\obj\stm32f4xx_tim.o
 .text.TIM_OC3PreloadConfig
                0x00000000       0x38 ..\obj\stm32f4xx_tim.o
 .text.TIM_OC4PreloadConfig
                0x00000000       0x3c ..\obj\stm32f4xx_tim.o
 .text.TIM_OC1FastConfig
                0x00000000       0x38 ..\obj\stm32f4xx_tim.o
 .text.TIM_OC2FastConfig
                0x00000000       0x3c ..\obj\stm32f4xx_tim.o
 .text.TIM_OC3FastConfig
                0x00000000       0x38 ..\obj\stm32f4xx_tim.o
 .text.TIM_OC4FastConfig
                0x00000000       0x3c ..\obj\stm32f4xx_tim.o
 .text.TIM_ClearOC1Ref
                0x00000000       0x38 ..\obj\stm32f4xx_tim.o
 .text.TIM_ClearOC2Ref
                0x00000000       0x3c ..\obj\stm32f4xx_tim.o
 .text.TIM_ClearOC3Ref
                0x00000000       0x38 ..\obj\stm32f4xx_tim.o
 .text.TIM_ClearOC4Ref
                0x00000000       0x3c ..\obj\stm32f4xx_tim.o
 .text.TIM_OC1PolarityConfig
                0x00000000       0x38 ..\obj\stm32f4xx_tim.o
 .text.TIM_OC1NPolarityConfig
                0x00000000       0x38 ..\obj\stm32f4xx_tim.o
 .text.TIM_OC2PolarityConfig
                0x00000000       0x3c ..\obj\stm32f4xx_tim.o
 .text.TIM_OC2NPolarityConfig
                0x00000000       0x3c ..\obj\stm32f4xx_tim.o
 .text.TIM_OC3PolarityConfig
                0x00000000       0x3c ..\obj\stm32f4xx_tim.o
 .text.TIM_OC3NPolarityConfig
                0x00000000       0x3c ..\obj\stm32f4xx_tim.o
 .text.TIM_OC4PolarityConfig
                0x00000000       0x3c ..\obj\stm32f4xx_tim.o
 .text.TIM_CCxCmd
                0x00000000       0x54 ..\obj\stm32f4xx_tim.o
 .text.TIM_CCxNCmd
                0x00000000       0x54 ..\obj\stm32f4xx_tim.o
 .text.TIM_ICInit
                0x00000000       0xa8 ..\obj\stm32f4xx_tim.o
 .text.TIM_ICStructInit
                0x00000000       0x30 ..\obj\stm32f4xx_tim.o
 .text.TIM_PWMIConfig
                0x00000000       0xb8 ..\obj\stm32f4xx_tim.o
 .text.TIM_GetCapture1
                0x00000000       0x18 ..\obj\stm32f4xx_tim.o
 .text.TIM_GetCapture2
                0x00000000       0x18 ..\obj\stm32f4xx_tim.o
 .text.TIM_GetCapture3
                0x00000000       0x18 ..\obj\stm32f4xx_tim.o
 .text.TIM_GetCapture4
                0x00000000       0x18 ..\obj\stm32f4xx_tim.o
 .text.TIM_SetIC1Prescaler
                0x00000000       0x38 ..\obj\stm32f4xx_tim.o
 .text.TIM_SetIC2Prescaler
                0x00000000       0x3c ..\obj\stm32f4xx_tim.o
 .text.TIM_SetIC3Prescaler
                0x00000000       0x38 ..\obj\stm32f4xx_tim.o
 .text.TIM_SetIC4Prescaler
                0x00000000       0x3c ..\obj\stm32f4xx_tim.o
 .text.TIM_BDTRConfig
                0x00000000       0x50 ..\obj\stm32f4xx_tim.o
 .text.TIM_BDTRStructInit
                0x00000000       0x3c ..\obj\stm32f4xx_tim.o
 .text.TIM_CtrlPWMOutputs
                0x00000000       0x4c ..\obj\stm32f4xx_tim.o
 .text.TIM_SelectCOM
                0x00000000       0x40 ..\obj\stm32f4xx_tim.o
 .text.TIM_CCPreloadControl
                0x00000000       0x40 ..\obj\stm32f4xx_tim.o
 .text.TIM_GenerateEvent
                0x00000000       0x1c ..\obj\stm32f4xx_tim.o
 .text.TIM_GetFlagStatus
                0x00000000       0x38 ..\obj\stm32f4xx_tim.o
 .text.TIM_ClearFlag
                0x00000000       0x20 ..\obj\stm32f4xx_tim.o
 .text.TIM_DMAConfig
                0x00000000       0x28 ..\obj\stm32f4xx_tim.o
 .text.TIM_DMACmd
                0x00000000       0x48 ..\obj\stm32f4xx_tim.o
 .text.TIM_SelectCCDMA
                0x00000000       0x40 ..\obj\stm32f4xx_tim.o
 .text.TIM_InternalClockConfig
                0x00000000       0x24 ..\obj\stm32f4xx_tim.o
 .text.TIM_ITRxExternalClockConfig
                0x00000000       0x2c ..\obj\stm32f4xx_tim.o
 .text.TIM_TIxExternalClockConfig
                0x00000000       0x60 ..\obj\stm32f4xx_tim.o
 .text.TIM_ETRClockMode1Config
                0x00000000       0x5c ..\obj\stm32f4xx_tim.o
 .text.TIM_ETRClockMode2Config
                0x00000000       0x3c ..\obj\stm32f4xx_tim.o
 .text.TIM_SelectInputTrigger
                0x00000000       0x38 ..\obj\stm32f4xx_tim.o
 .text.TIM_SelectOutputTrigger
                0x00000000       0x38 ..\obj\stm32f4xx_tim.o
 .text.TIM_SelectSlaveMode
                0x00000000       0x38 ..\obj\stm32f4xx_tim.o
 .text.TIM_SelectMasterSlaveMode
                0x00000000       0x38 ..\obj\stm32f4xx_tim.o
 .text.TIM_ETRConfig
                0x00000000       0x54 ..\obj\stm32f4xx_tim.o
 .text.TIM_EncoderInterfaceConfig
                0x00000000       0x98 ..\obj\stm32f4xx_tim.o
 .text.TIM_SelectHallSensor
                0x00000000       0x40 ..\obj\stm32f4xx_tim.o
 .text.TIM_RemapConfig
                0x00000000       0x20 ..\obj\stm32f4xx_tim.o
 .text.TI1_Config
                0x00000000       0x84 ..\obj\stm32f4xx_tim.o
 .text.TI2_Config
                0x00000000       0x98 ..\obj\stm32f4xx_tim.o
 .text.TI3_Config
                0x00000000       0x90 ..\obj\stm32f4xx_tim.o
 .text.TI4_Config
                0x00000000       0x9c ..\obj\stm32f4xx_tim.o
 .data          0x00000000        0x0 c:/program files (x86)/gnu tools arm embedded/4.9 2015q1/bin/../lib/gcc/arm-none-eabi/4.9.3/../../../../arm-none-eabi/lib/armv7e-m/softfp\libg.a(lib_a-memcpy.o)
 .bss           0x00000000        0x0 c:/program files (x86)/gnu tools arm embedded/4.9 2015q1/bin/../lib/gcc/arm-none-eabi/4.9.3/../../../../arm-none-eabi/lib/armv7e-m/softfp\libg.a(lib_a-memcpy.o)
 .text          0x00000000        0x0 c:/program files (x86)/gnu tools arm embedded/4.9 2015q1/bin/../lib/gcc/arm-none-eabi/4.9.3/../../../../arm-none-eabi/lib/armv7e-m/softfp\libg.a(lib_a-memset.o)
 .data          0x00000000        0x0 c:/program files (x86)/gnu tools arm embedded/4.9 2015q1/bin/../lib/gcc/arm-none-eabi/4.9.3/../../../../arm-none-eabi/lib/armv7e-m/softfp\libg.a(lib_a-memset.o)
 .bss           0x00000000        0x0 c:/program files (x86)/gnu tools arm embedded/4.9 2015q1/bin/../lib/gcc/arm-none-eabi/4.9.3/../../../../arm-none-eabi/lib/armv7e-m/softfp\libg.a(lib_a-memset.o)
 .text          0x00000000        0x0 c:/program files (x86)/gnu tools arm embedded/4.9 2015q1/bin/../lib/gcc/arm-none-eabi/4.9.3/../../../../arm-none-eabi/lib/armv7e-m/softfp\libg.a(lib_a-strlen.o)
 .data          0x00000000        0x0 c:/program files (x86)/gnu tools arm embedded/4.9 2015q1/bin/../lib/gcc/arm-none-eabi/4.9.3/../../../../arm-none-eabi/lib/armv7e-m/softfp\libg.a(lib_a-strlen.o)
 .bss           0x00000000        0x0 c:/program files (x86)/gnu tools arm embedded/4.9 2015q1/bin/../lib/gcc/arm-none-eabi/4.9.3/../../../../arm-none-eabi/lib/armv7e-m/softfp\libg.a(lib_a-strlen.o)

Memory Configuration

Name             Origin             Length             Attributes
rom              0x08000000         0x00100000         xr
ram              0x20000000         0x00020000         xrw
ram1             0x10000000         0x00010000         xrw
*default*        0x00000000         0xffffffff

Linker script and memory map

                0x20020000                _eram = 0x20020000

.text           0x08000000     0x5094
 *(.isr_vector)
 .isr_vector    0x08000000      0x188 ..\obj\startup_stm32f4xx.o
                0x08000000                g_pfnVectors
 *(.text*)
 .text.USART_Init
                0x08000188      0x178 ..\obj\stm32f4xx_usart.o
                0x08000188                USART_Init
 .text.USART_Cmd
                0x08000300       0x40 ..\obj\stm32f4xx_usart.o
                0x08000300                USART_Cmd
 .text.USART_SendData
                0x08000340       0x24 ..\obj\stm32f4xx_usart.o
                0x08000340                USART_SendData
 .text.USART_ITConfig
                0x08000364       0x90 ..\obj\stm32f4xx_usart.o
                0x08000364                USART_ITConfig
 .text.USART_GetFlagStatus
                0x080003f4       0x38 ..\obj\stm32f4xx_usart.o
                0x080003f4                USART_GetFlagStatus
 .text.Default_Reset_Handler
                0x0800042c       0x6c ..\obj\startup_stm32f4xx.o
                0x0800042c                Default_Reset_Handler
                0x0800042c                Reset_Handler
 .text.Default_Handler
                0x08000498        0x8 ..\obj\startup_stm32f4xx.o
                0x08000498                RTC_Alarm_IRQHandler
                0x08000498                HASH_RNG_IRQHandler
                0x08000498                EXTI2_IRQHandler
                0x08000498                TIM8_CC_IRQHandler
                0x08000498                DebugMon_Handler
                0x08000498                TIM1_CC_IRQHandler
                0x08000498                DMA2_Stream5_IRQHandler
                0x08000498                HardFault_Handler
                0x08000498                DMA1_Stream5_IRQHandler
                0x08000498                PVD_IRQHandler
                0x08000498                SDIO_IRQHandler
                0x08000498                TAMP_STAMP_IRQHandler
                0x08000498                NMI_Handler
                0x08000498                CAN2_RX1_IRQHandler
                0x08000498                EXTI3_IRQHandler
                0x08000498                TIM8_TRG_COM_TIM14_IRQHandler
                0x08000498                TIM1_UP_TIM10_IRQHandler
                0x08000498                TIM8_UP_TIM13_IRQHandler
                0x08000498                I2C3_ER_IRQHandler
                0x08000498                I2C2_EV_IRQHandler
                0x08000498                DMA1_Stream2_IRQHandler
                0x08000498                CAN1_RX0_IRQHandler
                0x08000498                FPU_IRQHandler
                0x08000498                OTG_HS_WKUP_IRQHandler
                0x08000498                UsageFault_Handler
                0x08000498                CAN2_SCE_IRQHandler
                0x08000498                DMA2_Stream2_IRQHandler
                0x08000498                SPI1_IRQHandler
                0x08000498                TIM6_DAC_IRQHandler
                0x08000498                TIM1_BRK_TIM9_IRQHandler
                0x08000498                DCMI_IRQHandler
                0x08000498                CAN2_RX0_IRQHandler
                0x08000498                DMA2_Stream3_IRQHandler
                0x08000498                USART6_IRQHandler
                0x08000498                USART3_IRQHandler
                0x08000498                CRYP_IRQHandler
                0x08000498                CAN1_RX1_IRQHandler
                0x08000498                UART5_IRQHandler
                0x08000498                DMA2_Stream0_IRQHandler
                0x08000498                I2C1_EV_IRQHandler
                0x08000498                DMA1_Stream6_IRQHandler
                0x08000498                DMA1_Stream1_IRQHandler
                0x08000498                UART4_IRQHandler
                0x08000498                RCC_IRQHandler
                0x08000498                TIM8_BRK_TIM12_IRQHandler
                0x08000498                EXTI15_10_IRQHandler
                0x08000498                ADC_IRQHandler
                0x08000498                DMA1_Stream7_IRQHandler
                0x08000498                TIM7_IRQHandler
                0x08000498                CAN2_TX_IRQHandler
                0x08000498                TIM5_IRQHandler
                0x08000498                DMA2_Stream7_IRQHandler
                0x08000498                I2C3_EV_IRQHandler
                0x08000498                EXTI9_5_IRQHandler
                0x08000498                RTC_WKUP_IRQHandler
                0x08000498                ETH_WKUP_IRQHandler
                0x08000498                SPI2_IRQHandler
                0x08000498                OTG_HS_EP1_IN_IRQHandler
                0x08000498                MemManage_Handler
                0x08000498                DMA1_Stream0_IRQHandler
                0x08000498                CAN1_TX_IRQHandler
                0x08000498                EXTI4_IRQHandler
                0x08000498                FSMC_IRQHandler
                0x08000498                ETH_IRQHandler
                0x08000498                OTG_HS_EP1_OUT_IRQHandler
                0x08000498                WWDG_IRQHandler
                0x08000498                TIM2_IRQHandler
                0x08000498                OTG_FS_WKUP_IRQHandler
                0x08000498                TIM1_TRG_COM_TIM11_IRQHandler
                0x08000498                OTG_HS_IRQHandler
                0x08000498                EXTI1_IRQHandler
                0x08000498                USART2_IRQHandler
                0x08000498                I2C2_ER_IRQHandler
                0x08000498                DMA2_Stream1_IRQHandler
                0x08000498                CAN1_SCE_IRQHandler
                0x08000498                FLASH_IRQHandler
                0x08000498                DMA2_Stream4_IRQHandler
                0x08000498                BusFault_Handler
                0x08000498                OTG_FS_IRQHandler
                0x08000498                SPI3_IRQHandler
                0x08000498                DMA1_Stream4_IRQHandler
                0x08000498                I2C1_ER_IRQHandler
                0x08000498                DMA2_Stream6_IRQHandler
                0x08000498                DMA1_Stream3_IRQHandler
 .text.USART1_setup
                0x080004a0       0xb8 ..\obj\com_pc.o
                0x080004a0                USART1_setup
 .text.USART1_puts
                0x08000558       0x74 ..\obj\com_pc.o
                0x08000558                USART1_puts
 .text.USART1_putHEX
                0x080005cc       0x84 ..\obj\com_pc.o
                0x080005cc                USART1_putHEX
 .text.USART1_struct
                0x08000650       0xa0 ..\obj\com_pc.o
                0x08000650                USART1_struct
 .text.USART1_IRQHandler
                0x080006f0       0xa0 ..\obj\com_pc.o
                0x080006f0                USART1_IRQHandler
 .text.ComPcTask
                0x08000790       0x50 ..\obj\com_pc.o
                0x08000790                ComPcTask
 .text.main     0x080007e0      0x220 ..\obj\main.o
                0x080007e0                main
 .text.RCC_GetClocksFreq
                0x08000a00      0x154 ..\obj\stm32f4xx_rcc.o
                0x08000a00                RCC_GetClocksFreq
 .text.RCC_AHB1PeriphClockCmd
                0x08000b54       0x3c ..\obj\stm32f4xx_rcc.o
                0x08000b54                RCC_AHB1PeriphClockCmd
 .text.RCC_APB1PeriphClockCmd
                0x08000b90       0x3c ..\obj\stm32f4xx_rcc.o
                0x08000b90                RCC_APB1PeriphClockCmd
 .text.RCC_APB2PeriphClockCmd
                0x08000bcc       0x3c ..\obj\stm32f4xx_rcc.o
                0x08000bcc                RCC_APB2PeriphClockCmd
 .text.RCC_APB1PeriphResetCmd
                0x08000c08       0x3c ..\obj\stm32f4xx_rcc.o
                0x08000c08                RCC_APB1PeriphResetCmd
 .text.RCC_APB2PeriphResetCmd
                0x08000c44       0x3c ..\obj\stm32f4xx_rcc.o
                0x08000c44                RCC_APB2PeriphResetCmd
 .text.xTimerCreateTimerTask
                0x08000c80       0x58 ..\obj\timers.o
                0x08000c80                xTimerCreateTimerTask
 .text.xTimerGenericCommand
                0x08000cd8       0x8c ..\obj\timers.o
                0x08000cd8                xTimerGenericCommand
 .text.prvProcessExpiredTimer
                0x08000d64       0x70 ..\obj\timers.o
 .text.prvTimerTask
                0x08000dd4       0x24 ..\obj\timers.o
 .text.prvProcessTimerOrBlockTask
                0x08000df8       0x6c ..\obj\timers.o
 .text.prvGetNextExpireTime
                0x08000e64       0x48 ..\obj\timers.o
 .text.prvSampleTimeNow
                0x08000eac       0x40 ..\obj\timers.o
 .text.prvInsertTimerInActiveList
                0x08000eec       0x84 ..\obj\timers.o
 .text.prvProcessReceivedCommands
                0x08000f70       0xf4 ..\obj\timers.o
 .text.prvSwitchTimerLists
                0x08001064       0xb0 ..\obj\timers.o
 .text.prvCheckForValidListAndQueue
                0x08001114       0x78 ..\obj\timers.o
 .text.xTaskGenericCreate
                0x0800118c      0x168 ..\obj\tasks.o
                0x0800118c                xTaskGenericCreate
 .text.vTaskDelay
                0x080012f4       0x64 ..\obj\tasks.o
                0x080012f4                vTaskDelay
 .text.vTaskStartScheduler
                0x08001358       0x70 ..\obj\tasks.o
                0x08001358                vTaskStartScheduler
 .text.vTaskSuspendAll
                0x080013c8       0x1c ..\obj\tasks.o
                0x080013c8                vTaskSuspendAll
 .text.xTaskResumeAll
                0x080013e4      0x10c ..\obj\tasks.o
                0x080013e4                xTaskResumeAll
 .text.xTaskGetTickCount
                0x080014f0       0x24 ..\obj\tasks.o
                0x080014f0                xTaskGetTickCount
 .text.xTaskIncrementTick
                0x08001514      0x170 ..\obj\tasks.o
                0x08001514                xTaskIncrementTick
 .text.vTaskSwitchContext
                0x08001684       0xa4 ..\obj\tasks.o
                0x08001684                vTaskSwitchContext
 .text.vTaskPlaceOnEventList
                0x08001728       0x50 ..\obj\tasks.o
                0x08001728                vTaskPlaceOnEventList
 .text.vTaskPlaceOnEventListRestricted
                0x08001778       0x50 ..\obj\tasks.o
                0x08001778                vTaskPlaceOnEventListRestricted
 .text.xTaskRemoveFromEventList
                0x080017c8       0xb8 ..\obj\tasks.o
                0x080017c8                xTaskRemoveFromEventList
 .text.vTaskSetTimeOutState
                0x08001880       0x34 ..\obj\tasks.o
                0x08001880                vTaskSetTimeOutState
 .text.xTaskCheckForTimeOut
                0x080018b4       0x90 ..\obj\tasks.o
                0x080018b4                xTaskCheckForTimeOut
 .text.vTaskMissedYield
                0x08001944       0x18 ..\obj\tasks.o
                0x08001944                vTaskMissedYield
 .text.prvIdleTask
                0x0800195c       0x20 ..\obj\tasks.o
 .text.prvInitialiseTCBVariables
                0x0800197c       0x90 ..\obj\tasks.o
 .text.prvInitialiseTaskLists
                0x08001a0c       0x74 ..\obj\tasks.o
 .text.prvCheckTasksWaitingTermination
                0x08001a80       0x74 ..\obj\tasks.o
 .text.prvAddCurrentTaskToDelayedList
                0x08001af4       0x6c ..\obj\tasks.o
 .text.prvAllocateTCBAndStack
                0x08001b60       0x64 ..\obj\tasks.o
 .text.prvDeleteTCB
                0x08001bc4       0x20 ..\obj\tasks.o
 .text.prvResetNextTaskUnblockTime
                0x08001be4       0x48 ..\obj\tasks.o
 .text.xTaskGetCurrentTaskHandle
                0x08001c2c       0x20 ..\obj\tasks.o
                0x08001c2c                xTaskGetCurrentTaskHandle
 .text.xTaskGetSchedulerState
                0x08001c4c       0x3c ..\obj\tasks.o
                0x08001c4c                xTaskGetSchedulerState
 .text.vTaskPriorityInherit
                0x08001c88       0xbc ..\obj\tasks.o
                0x08001c88                vTaskPriorityInherit
 .text.vTaskPriorityDisinherit
                0x08001d44       0x84 ..\obj\tasks.o
                0x08001d44                vTaskPriorityDisinherit
 .text.LED_setup
                0x08001dc8       0x30 ..\obj\leds.o
                0x08001dc8                LED_setup
 .text.vTaskLED1
                0x08001df8       0x30 ..\obj\leds.o
                0x08001df8                vTaskLED1
 .text.vTaskLED2
                0x08001e28       0x30 ..\obj\leds.o
                0x08001e28                vTaskLED2
 .text.vTaskLED3
                0x08001e58       0x34 ..\obj\leds.o
                0x08001e58                vTaskLED3
 .text.vTaskLED4
                0x08001e8c       0x34 ..\obj\leds.o
                0x08001e8c                vTaskLED4
 .text.ProcessTaskInj
                0x08001ec0      0x71c ..\obj\process_can_inj.o
                0x08001ec0                ProcessTaskInj
 .text.PROCESS_INJ_Scan_queue
                0x080025dc       0xe4 ..\obj\process_can_inj.o
                0x080025dc                PROCESS_INJ_Scan_queue
 .text.ADD_bitsStuffing
                0x080026c0       0xb8 ..\obj\process_can_inj.o
                0x080026c0                ADD_bitsStuffing
 .text.ADD_bitsStuffing_error
                0x08002778       0xcc ..\obj\process_can_inj.o
                0x08002778                ADD_bitsStuffing_error
 .text.GPIO_Init
                0x08002844      0x11c ..\obj\stm32f4xx_gpio.o
                0x08002844                GPIO_Init
 .text.GPIO_SetBits
                0x08002960       0x1c ..\obj\stm32f4xx_gpio.o
                0x08002960                GPIO_SetBits
 .text.GPIO_ResetBits
                0x0800297c       0x1c ..\obj\stm32f4xx_gpio.o
                0x0800297c                GPIO_ResetBits
 .text.GPIO_WriteBit
                0x08002998       0x30 ..\obj\stm32f4xx_gpio.o
                0x08002998                GPIO_WriteBit
 .text.GPIO_PinAFConfig
                0x080029c8       0x90 ..\obj\stm32f4xx_gpio.o
                0x080029c8                GPIO_PinAFConfig
 .text.vListInitialise
                0x08002a58       0x40 ..\obj\list.o
                0x08002a58                vListInitialise
 .text.vListInitialiseItem
                0x08002a98       0x18 ..\obj\list.o
                0x08002a98                vListInitialiseItem
 .text.vListInsertEnd
                0x08002ab0       0x48 ..\obj\list.o
                0x08002ab0                vListInsertEnd
 .text.vListInsert
                0x08002af8       0x70 ..\obj\list.o
                0x08002af8                vListInsert
 .text.uxListRemove
                0x08002b68       0x54 ..\obj\list.o
                0x08002b68                uxListRemove
 .text.SystemInit
                0x08002bbc       0x68 ..\obj\system_stm32f4xx.o
                0x08002bbc                SystemInit
 .text.SetSysClock
                0x08002c24       0xf4 ..\obj\system_stm32f4xx.o
 .text.ProcessTask
                0x08002d18      0x154 ..\obj\process_can.o
                0x08002d18                ProcessTask
 .text.PROCESS_INIT
                0x08002e6c       0xb4 ..\obj\process_can.o
                0x08002e6c                PROCESS_INIT
 .text.unstuffed_bit
                0x08002f20       0xa8 ..\obj\process_can.o
                0x08002f20                unstuffed_bit
 .text.extract_id_dlc
                0x08002fc8      0x290 ..\obj\process_can.o
                0x08002fc8                extract_id_dlc
 .text.concatenateBits_Id
                0x08003258       0x7c ..\obj\process_can.o
                0x08003258                concatenateBits_Id
 .text.concatenateBits_Data
                0x080032d4       0x7c ..\obj\process_can.o
                0x080032d4                concatenateBits_Data
 .text.concatenateBits_CRC
                0x08003350       0x54 ..\obj\process_can.o
                0x08003350                concatenateBits_CRC
 .text.check_crc
                0x080033a4      0x160 ..\obj\process_can.o
                0x080033a4                check_crc
 .text.calcul_crc
                0x08003504      0x150 ..\obj\process_can.o
                0x08003504                calcul_crc
 .text.pxPortInitialiseStack
                0x08003654       0x64 ..\obj\port.o
                0x08003654                pxPortInitialiseStack
 .text.prvTaskExitError
                0x080036b8       0x20 ..\obj\port.o
 .text.SVC_Handler
                0x080036d8       0x20 ..\obj\port.o
                0x080036d8                SVC_Handler
 .text.prvPortStartFirstTask
                0x080036f8       0x1c ..\obj\port.o
 .text.xPortStartScheduler
                0x08003714       0xd0 ..\obj\port.o
                0x08003714                xPortStartScheduler
 .text.vPortYield
                0x080037e4       0x20 ..\obj\port.o
                0x080037e4                vPortYield
 .text.vPortEnterCritical
                0x08003804       0x20 ..\obj\port.o
                0x08003804                vPortEnterCritical
 .text.vPortExitCritical
                0x08003824       0x30 ..\obj\port.o
                0x08003824                vPortExitCritical
 .text.ulPortSetInterruptMask
                0x08003854       0x14 ..\obj\port.o
                0x08003854                ulPortSetInterruptMask
 .text.vPortClearInterruptMask
                0x08003868        0x8 ..\obj\port.o
                0x08003868                vPortClearInterruptMask
 .text.PendSV_Handler
                0x08003870       0x58 ..\obj\port.o
                0x08003870                PendSV_Handler
 .text.SysTick_Handler
                0x080038c8       0x28 ..\obj\port.o
                0x080038c8                SysTick_Handler
 .text.vPortSetupTimerInterrupt
                0x080038f0       0x34 ..\obj\port.o
                0x080038f0                vPortSetupTimerInterrupt
 .text.vPortEnableVFP
                0x08003924       0x14 ..\obj\port.o
 .text.vPortValidateInterruptPriority
                0x08003938       0x58 ..\obj\port.o
                0x08003938                vPortValidateInterruptPriority
 .text.xQueueGenericReset
                0x08003990       0xb0 ..\obj\queue.o
                0x08003990                xQueueGenericReset
 .text.xQueueGenericCreate
                0x08003a40       0x84 ..\obj\queue.o
                0x08003a40                xQueueGenericCreate
 .text.xQueueCreateMutex
                0x08003ac4       0x90 ..\obj\queue.o
                0x08003ac4                xQueueCreateMutex
 .text.xQueueGenericSend
                0x08003b54      0x180 ..\obj\queue.o
                0x08003b54                xQueueGenericSend
 .text.xQueueGenericSendFromISR
                0x08003cd4       0xd4 ..\obj\queue.o
                0x08003cd4                xQueueGenericSendFromISR
 .text.xQueueGenericReceive
                0x08003da8      0x1bc ..\obj\queue.o
                0x08003da8                xQueueGenericReceive
 .text.xQueueReceiveFromISR
                0x08003f64       0xb4 ..\obj\queue.o
                0x08003f64                xQueueReceiveFromISR
 .text.prvCopyDataToQueue
                0x08004018       0xd0 ..\obj\queue.o
 .text.prvCopyDataFromQueue
                0x080040e8       0x4c ..\obj\queue.o
 .text.prvUnlockQueue
                0x08004134       0x98 ..\obj\queue.o
 .text.prvIsQueueEmpty
                0x080041cc       0x2c ..\obj\queue.o
 .text.prvIsQueueFull
                0x080041f8       0x30 ..\obj\queue.o
 .text.vQueueAddToRegistry
                0x08004228       0x50 ..\obj\queue.o
                0x08004228                vQueueAddToRegistry
 .text.vQueueWaitForMessageRestricted
                0x08004278       0x58 ..\obj\queue.o
                0x08004278                vQueueWaitForMessageRestricted
 .text.EXTI_DeInit
                0x080042d0       0x34 ..\obj\stm32f4xx_exti.o
                0x080042d0                EXTI_DeInit
 .text.EXTI_Init
                0x08004304       0xe4 ..\obj\stm32f4xx_exti.o
                0x08004304                EXTI_Init
 .text.EXTI_GetITStatus
                0x080043e8       0x48 ..\obj\stm32f4xx_exti.o
                0x080043e8                EXTI_GetITStatus
 .text.EXTI_ClearITPendingBit
                0x08004430       0x1c ..\obj\stm32f4xx_exti.o
                0x08004430                EXTI_ClearITPendingBit
 .text.NVIC_Init
                0x0800444c       0xc0 ..\obj\misc.o
                0x0800444c                NVIC_Init
 .text.TIM3_Config
                0x0800450c       0x64 ..\obj\com_can.o
                0x0800450c                TIM3_Config
 .text.EXTI0_Config
                0x08004570       0x6c ..\obj\com_can.o
                0x08004570                EXTI0_Config
 .text.EXTI0_IRQHandler
                0x080045dc       0x20 ..\obj\com_can.o
                0x080045dc                EXTI0_IRQHandler
 .text.TIM3_IRQHandler
                0x080045fc       0xd4 ..\obj\com_can.o
                0x080045fc                TIM3_IRQHandler
 .text.INIT_Injector
                0x080046d0       0x40 ..\obj\com_can.o
                0x080046d0                INIT_Injector
 .text.TIM4_Config
                0x08004710       0x4c ..\obj\com_can.o
                0x08004710                TIM4_Config
 .text.TIM4_Start
                0x0800475c       0x28 ..\obj\com_can.o
                0x0800475c                TIM4_Start
 .text.TIM4_IRQHandler
                0x08004784       0xb4 ..\obj\com_can.o
                0x08004784                TIM4_IRQHandler
 .text.pvPortMalloc
                0x08004838      0x11c ..\obj\heap_2.o
                0x08004838                pvPortMalloc
 .text.vPortFree
                0x08004954       0x70 ..\obj\heap_2.o
                0x08004954                vPortFree
 .text.prvHeapInit
                0x080049c4       0x50 ..\obj\heap_2.o
 .text.TIM_DeInit
                0x08004a14      0x1bc ..\obj\stm32f4xx_tim.o
                0x08004a14                TIM_DeInit
 .text.TIM_TimeBaseInit
                0x08004bd0       0xd4 ..\obj\stm32f4xx_tim.o
                0x08004bd0                TIM_TimeBaseInit
 .text.TIM_SetCounter
                0x08004ca4       0x1c ..\obj\stm32f4xx_tim.o
                0x08004ca4                TIM_SetCounter
 .text.TIM_Cmd  0x08004cc0       0x40 ..\obj\stm32f4xx_tim.o
                0x08004cc0                TIM_Cmd
 .text.TIM_ITConfig
                0x08004d00       0x48 ..\obj\stm32f4xx_tim.o
                0x08004d00                TIM_ITConfig
 .text.TIM_GetITStatus
                0x08004d48       0x54 ..\obj\stm32f4xx_tim.o
                0x08004d48                TIM_GetITStatus
 .text.TIM_ClearITPendingBit
                0x08004d9c       0x20 ..\obj\stm32f4xx_tim.o
                0x08004d9c                TIM_ClearITPendingBit
 .text          0x08004dbc      0x134 c:/program files (x86)/gnu tools arm embedded/4.9 2015q1/bin/../lib/gcc/arm-none-eabi/4.9.3/../../../../arm-none-eabi/lib/armv7e-m/softfp\libg.a(lib_a-memcpy.o)
                0x08004dbc                memcpy
 .text.memset   0x08004ef0       0x9c c:/program files (x86)/gnu tools arm embedded/4.9 2015q1/bin/../lib/gcc/arm-none-eabi/4.9.3/../../../../arm-none-eabi/lib/armv7e-m/softfp\libg.a(lib_a-memset.o)
                0x08004ef0                memset
 .text.strlen   0x08004f8c       0x5c c:/program files (x86)/gnu tools arm embedded/4.9 2015q1/bin/../lib/gcc/arm-none-eabi/4.9.3/../../../../arm-none-eabi/lib/armv7e-m/softfp\libg.a(lib_a-strlen.o)
                0x08004f8c                strlen
 *(.init)
 *(.fini)
 *crtbegin.o(.ctors)
 *crtbegin?.o(.ctors)
 *(EXCLUDE_FILE(*crtend.o *crtend?.o) .ctors)
 *(SORT(.ctors.*))
 *(.ctors)
 *crtbegin.o(.dtors)
 *crtbegin?.o(.dtors)
 *(EXCLUDE_FILE(*crtend.o *crtend?.o) .dtors)
 *(SORT(.dtors.*))
 *(.dtors)
 *(.rodata*)
 .rodata        0x08004fe8       0x38 ..\obj\com_pc.o
 .rodata        0x08005020       0x5c ..\obj\main.o
 .rodata        0x0800507c       0x10 ..\obj\timers.o
 .rodata        0x0800508c        0x8 ..\obj\tasks.o
 *(.eh_fram e*)

.glue_7         0x08005094        0x0
 .glue_7        0x00000000        0x0 linker stubs

.glue_7t        0x08005094        0x0
 .glue_7t       0x00000000        0x0 linker stubs

.vfp11_veneer   0x08005094        0x0
 .vfp11_veneer  0x00000000        0x0 linker stubs

.v4_bx          0x08005094        0x0
 .v4_bx         0x00000000        0x0 linker stubs

.iplt           0x08005094        0x0
 .iplt          0x00000000        0x0 ..\obj\stm32f4xx_usart.o

.rel.dyn        0x08005094        0x0
 .rel.iplt      0x00000000        0x0 ..\obj\stm32f4xx_usart.o

.ARM.extab
 *(.ARM.extab* .gnu.linkonce.armextab.*)
                0x08005094                __exidx_start = .

.ARM.exidx
 *(.ARM.exidx* .gnu.linkonce.armexidx.*)
                0x08005094                __exidx_end = .
                0x08005094                __etext = .
                0x08005094                _sidata = __etext

.data           0x20000000       0x30 load address 0x08005094
                0x20000000                __data_start__ = .
                0x20000000                _sdata = __data_start__
 *(vtable)
 *(.data*)
 .data          0x20000000       0x10 ..\obj\stm32f4xx_rcc.o
 .data          0x20000010        0x4 ..\obj\tasks.o
 .data          0x20000014       0x14 ..\obj\system_stm32f4xx.o
                0x20000014                SystemCoreClock
                0x20000018                AHBPrescTable
 .data          0x20000028        0x4 ..\obj\port.o
 .data          0x2000002c        0x4 ..\obj\heap_2.o
                0x20000030                . = ALIGN (0x4)
                0x20000030                PROVIDE (__preinit_array_start, .)
 *(.preinit_array)
                0x20000030                PROVIDE (__preinit_array_end, .)
                0x20000030                . = ALIGN (0x4)
                0x20000030                PROVIDE (__init_array_start, .)
 *(SORT(.init_array.*))
 *(.init_array)
                0x20000030                PROVIDE (__init_array_end, .)
                0x20000030                . = ALIGN (0x4)
                0x20000030                PROVIDE (__fini_array_start, .)
 *(SORT(.fini_array.*))
 *(.fini_array)
                0x20000030                PROVIDE (__fini_array_end, .)
 *(.jcr*)
                0x20000030                . = ALIGN (0x4)
                0x20000030                __data_end__ = .
                0x20000030                _edata = __data_end__

.igot.plt       0x20000030        0x0 load address 0x080050c4
 .igot.plt      0x00000000        0x0 ..\obj\stm32f4xx_usart.o

.bss            0x20000030    0x12ffc load address 0x080050c4
                0x20000030                . = ALIGN (0x4)
                0x20000030                __bss_start__ = .
                0x20000030                _sbss = __bss_start__
 *(.bss*)
 .bss           0x20000030       0x24 ..\obj\com_pc.o
 .bss           0x20000054        0x4 ..\obj\main.o
                0x20000054                TxMutexSemaphore
 .bss           0x20000058       0x38 ..\obj\timers.o
 .bss           0x20000090       0xe8 ..\obj\tasks.o
                0x20000090                pxCurrentTCB
 .bss           0x20000178        0x8 ..\obj\port.o
 .bss           0x20000180      0x184 ..\obj\com_can.o
 .bss           0x20000304    0x12c14 ..\obj\heap_2.o
 *(COMMON)
 COMMON         0x20012f18       0xc3 ..\obj\com_pc.o
                0x20012f18                PROCESS_STATE_INJ
                0x20012f1c                xMessage_data_brut
                0x20012fda                PROCESS_STATE
 *fill*         0x20012fdb        0x1 
 COMMON         0x20012fdc       0x10 ..\obj\main.o
                0x20012fdc                xQueueISRToRead
                0x20012fe0                ProcessQueue
                0x20012fe4                RxQueue
                0x20012fe8                xQueueInject
 COMMON         0x20012fec       0x40 ..\obj\queue.o
                0x20012fec                xQueueRegistry
                0x2001302c                . = ALIGN (0x4)
                0x2001302c                __bss_end__ = .
                0x2001302c                _ebss = __bss_end__

.heap           0x2001302c        0x0
                0x2001302c                __end__ = .
                0x2001302c                _end = __end__
                0x2001302c                end = __end__
 *(.heap*)
                0x2001302c                __HeapLimit = .

.co_stack       0x2001302c      0x804 load address 0x080180c0
                0x20013030                . = ALIGN (0x8)
 *fill*         0x2001302c        0x4 
 *(.co_stack .co_stack.*)
 .co_stack      0x20013030      0x800 ..\obj\startup_stm32f4xx.o
                0x20013030                pulStack
                0x20020000                __StackTop = (ORIGIN (ram) + 0x20000)
                0x2001f7fc                __StackLimit = (__StackTop - SIZEOF (.co_stack))
                0x20020000                PROVIDE (__stack, __StackTop)
                0x00000001                ASSERT ((__StackLimit >= __HeapLimit), region ram  overflowed with stack)
LOAD ..\obj\stm32f4xx_usart.o
LOAD ..\obj\startup_stm32f4xx.o
LOAD ..\obj\com_pc.o
LOAD ..\obj\main.o
LOAD ..\obj\stm32f4xx_rcc.o
LOAD ..\obj\timers.o
LOAD ..\obj\tasks.o
LOAD ..\obj\leds.o
LOAD ..\obj\process_can_inj.o
LOAD ..\obj\stm32f4xx_gpio.o
LOAD ..\obj\list.o
LOAD ..\obj\system_stm32f4xx.o
LOAD ..\obj\process_can.o
LOAD ..\obj\port.o
LOAD ..\obj\queue.o
LOAD ..\obj\croutine.o
LOAD ..\obj\stm32f4xx_exti.o
LOAD ..\obj\misc.o
LOAD ..\obj\com_can.o
LOAD ..\obj\heap_2.o
LOAD ..\obj\stm32f4xx_tim.o
START GROUP
LOAD c:/program files (x86)/gnu tools arm embedded/4.9 2015q1/bin/../lib/gcc/arm-none-eabi/4.9.3/armv7e-m/softfp\libgcc.a
LOAD c:/program files (x86)/gnu tools arm embedded/4.9 2015q1/bin/../lib/gcc/arm-none-eabi/4.9.3/../../../../arm-none-eabi/lib/armv7e-m/softfp\libg.a
LOAD c:/program files (x86)/gnu tools arm embedded/4.9 2015q1/bin/../lib/gcc/arm-none-eabi/4.9.3/../../../../arm-none-eabi/lib/armv7e-m/softfp\libc.a
END GROUP
OUTPUT(dev.elf elf32-littlearm)

.debug_info     0x00000000     0x9c4e
 .debug_info    0x00000000      0x9c2 ..\obj\stm32f4xx_usart.o
 .debug_info    0x000009c2       0xed ..\obj\startup_stm32f4xx.o
 .debug_info    0x00000aaf      0x969 ..\obj\com_pc.o
 .debug_info    0x00001418      0x230 ..\obj\main.o
 .debug_info    0x00001648      0xc4d ..\obj\stm32f4xx_rcc.o
 .debug_info    0x00002295      0x79d ..\obj\timers.o
 .debug_info    0x00002a32     0x1074 ..\obj\tasks.o
 .debug_info    0x00003aa6      0x407 ..\obj\leds.o
 .debug_info    0x00003ead      0x6a3 ..\obj\process_can_inj.o
 .debug_info    0x00004550      0x602 ..\obj\stm32f4xx_gpio.o
 .debug_info    0x00004b52      0x299 ..\obj\list.o
 .debug_info    0x00004deb      0x592 ..\obj\system_stm32f4xx.o
 .debug_info    0x0000537d      0x791 ..\obj\process_can.o
 .debug_info    0x00005b0e      0x358 ..\obj\port.o
 .debug_info    0x00005e66      0xb8b ..\obj\queue.o
 .debug_info    0x000069f1      0x347 ..\obj\stm32f4xx_exti.o
 .debug_info    0x00006d38      0x53d ..\obj\misc.o
 .debug_info    0x00007275      0xaa0 ..\obj\com_can.o
 .debug_info    0x00007d15      0x2d8 ..\obj\heap_2.o
 .debug_info    0x00007fed     0x1c61 ..\obj\stm32f4xx_tim.o

.debug_abbrev   0x00000000     0x1ccf
 .debug_abbrev  0x00000000      0x155 ..\obj\stm32f4xx_usart.o
 .debug_abbrev  0x00000155       0xb0 ..\obj\startup_stm32f4xx.o
 .debug_abbrev  0x00000205      0x19a ..\obj\com_pc.o
 .debug_abbrev  0x0000039f       0xd6 ..\obj\main.o
 .debug_abbrev  0x00000475      0x1e3 ..\obj\stm32f4xx_rcc.o
 .debug_abbrev  0x00000658      0x186 ..\obj\timers.o
 .debug_abbrev  0x000007de      0x224 ..\obj\tasks.o
 .debug_abbrev  0x00000a02      0x128 ..\obj\leds.o
 .debug_abbrev  0x00000b2a      0x19a ..\obj\process_can_inj.o
 .debug_abbrev  0x00000cc4      0x1a3 ..\obj\stm32f4xx_gpio.o
 .debug_abbrev  0x00000e67       0xbc ..\obj\list.o
 .debug_abbrev  0x00000f23      0x136 ..\obj\system_stm32f4xx.o
 .debug_abbrev  0x00001059      0x1d9 ..\obj\process_can.o
 .debug_abbrev  0x00001232      0x1ac ..\obj\port.o
 .debug_abbrev  0x000013de      0x1c7 ..\obj\queue.o
 .debug_abbrev  0x000015a5      0x1a5 ..\obj\stm32f4xx_exti.o
 .debug_abbrev  0x0000174a      0x145 ..\obj\misc.o
 .debug_abbrev  0x0000188f      0x169 ..\obj\com_can.o
 .debug_abbrev  0x000019f8      0x150 ..\obj\heap_2.o
 .debug_abbrev  0x00001b48      0x187 ..\obj\stm32f4xx_tim.o

.debug_aranges  0x00000000      0xc88
 .debug_aranges
                0x00000000      0x100 ..\obj\stm32f4xx_usart.o
 .debug_aranges
                0x00000100       0x28 ..\obj\startup_stm32f4xx.o
 .debug_aranges
                0x00000128       0x48 ..\obj\com_pc.o
 .debug_aranges
                0x00000170       0x20 ..\obj\main.o
 .debug_aranges
                0x00000190      0x178 ..\obj\stm32f4xx_rcc.o
 .debug_aranges
                0x00000308       0x88 ..\obj\timers.o
 .debug_aranges
                0x00000390      0x160 ..\obj\tasks.o
 .debug_aranges
                0x000004f0       0x40 ..\obj\leds.o
 .debug_aranges
                0x00000530       0x48 ..\obj\process_can_inj.o
 .debug_aranges
                0x00000578       0x88 ..\obj\stm32f4xx_gpio.o
 .debug_aranges
                0x00000600       0x40 ..\obj\list.o
 .debug_aranges
                0x00000640       0x30 ..\obj\system_stm32f4xx.o
 .debug_aranges
                0x00000670       0x60 ..\obj\process_can.o
 .debug_aranges
                0x000006d0       0x98 ..\obj\port.o
 .debug_aranges
                0x00000768       0xf8 ..\obj\queue.o
 .debug_aranges
                0x00000860       0x58 ..\obj\stm32f4xx_exti.o
 .debug_aranges
                0x000008b8       0x40 ..\obj\misc.o
 .debug_aranges
                0x000008f8       0x58 ..\obj\com_can.o
 .debug_aranges
                0x00000950       0x40 ..\obj\heap_2.o
 .debug_aranges
                0x00000990      0x2f8 ..\obj\stm32f4xx_tim.o

.debug_ranges   0x00000000      0xb48
 .debug_ranges  0x00000000       0xf0 ..\obj\stm32f4xx_usart.o
 .debug_ranges  0x000000f0       0x18 ..\obj\startup_stm32f4xx.o
 .debug_ranges  0x00000108       0x38 ..\obj\com_pc.o
 .debug_ranges  0x00000140       0x10 ..\obj\main.o
 .debug_ranges  0x00000150      0x168 ..\obj\stm32f4xx_rcc.o
 .debug_ranges  0x000002b8       0x78 ..\obj\timers.o
 .debug_ranges  0x00000330      0x150 ..\obj\tasks.o
 .debug_ranges  0x00000480       0x30 ..\obj\leds.o
 .debug_ranges  0x000004b0       0x38 ..\obj\process_can_inj.o
 .debug_ranges  0x000004e8       0x78 ..\obj\stm32f4xx_gpio.o
 .debug_ranges  0x00000560       0x30 ..\obj\list.o
 .debug_ranges  0x00000590       0x20 ..\obj\system_stm32f4xx.o
 .debug_ranges  0x000005b0       0x50 ..\obj\process_can.o
 .debug_ranges  0x00000600       0x88 ..\obj\port.o
 .debug_ranges  0x00000688       0xe8 ..\obj\queue.o
 .debug_ranges  0x00000770       0x48 ..\obj\stm32f4xx_exti.o
 .debug_ranges  0x000007b8       0x30 ..\obj\misc.o
 .debug_ranges  0x000007e8       0x48 ..\obj\com_can.o
 .debug_ranges  0x00000830       0x30 ..\obj\heap_2.o
 .debug_ranges  0x00000860      0x2e8 ..\obj\stm32f4xx_tim.o

.debug_line     0x00000000     0x55dd
 .debug_line    0x00000000      0x4cd ..\obj\stm32f4xx_usart.o
 .debug_line    0x000004cd       0xaa ..\obj\startup_stm32f4xx.o
 .debug_line    0x00000577      0x3e2 ..\obj\com_pc.o
 .debug_line    0x00000959      0x226 ..\obj\main.o
 .debug_line    0x00000b7f      0x5cc ..\obj\stm32f4xx_rcc.o
 .debug_line    0x0000114b      0x3e7 ..\obj\timers.o
 .debug_line    0x00001532      0x980 ..\obj\tasks.o
 .debug_line    0x00001eb2      0x2d6 ..\obj\leds.o
 .debug_line    0x00002188      0x4ff ..\obj\process_can_inj.o
 .debug_line    0x00002687      0x36e ..\obj\stm32f4xx_gpio.o
 .debug_line    0x000029f5      0x265 ..\obj\list.o
 .debug_line    0x00002c5a      0x20c ..\obj\system_stm32f4xx.o
 .debug_line    0x00002e66      0x528 ..\obj\process_can.o
 .debug_line    0x0000338e      0x3c1 ..\obj\port.o
 .debug_line    0x0000374f      0x7f2 ..\obj\queue.o
 .debug_line    0x00003f41      0x2d0 ..\obj\stm32f4xx_exti.o
 .debug_line    0x00004211      0x270 ..\obj\misc.o
 .debug_line    0x00004481      0x400 ..\obj\com_can.o
 .debug_line    0x00004881      0x2c7 ..\obj\heap_2.o
 .debug_line    0x00004b48      0xa95 ..\obj\stm32f4xx_tim.o

.debug_str      0x00000000     0x4474
 .debug_str     0x00000000      0x640 ..\obj\stm32f4xx_usart.o
                                0x6bb (size before relaxing)
 .debug_str     0x00000640       0xb7 ..\obj\startup_stm32f4xx.o
                                0x173 (size before relaxing)
 .debug_str     0x000006f7      0x95e ..\obj\com_pc.o
                                0xc1e (size before relaxing)
 .debug_str     0x00001055       0x78 ..\obj\main.o
                                0x329 (size before relaxing)
 .debug_str     0x000010cd      0x5e4 ..\obj\stm32f4xx_rcc.o
                                0x87c (size before relaxing)
 .debug_str     0x000016b1      0x470 ..\obj\timers.o
                                0x64e (size before relaxing)
 .debug_str     0x00001b21      0x8e9 ..\obj\tasks.o
                                0xb72 (size before relaxing)
 .debug_str     0x0000240a       0x7b ..\obj\leds.o
                                0x4aa (size before relaxing)
 .debug_str     0x00002485      0x27c ..\obj\process_can_inj.o
                                0x597 (size before relaxing)
 .debug_str     0x00002701      0x195 ..\obj\stm32f4xx_gpio.o
                                0x4cf (size before relaxing)
 .debug_str     0x00002896       0xd3 ..\obj\list.o
                                0x2cc (size before relaxing)
 .debug_str     0x00002969      0x11f ..\obj\system_stm32f4xx.o
                                0x3d6 (size before relaxing)
 .debug_str     0x00002a88      0x1cc ..\obj\process_can.o
                                0x559 (size before relaxing)
 .debug_str     0x00002c54      0x265 ..\obj\port.o
                                0x444 (size before relaxing)
 .debug_str     0x00002eb9      0x46e ..\obj\queue.o
                                0x74f (size before relaxing)
 .debug_str     0x00003327      0x1e1 ..\obj\stm32f4xx_exti.o
                                0x385 (size before relaxing)
 .debug_str     0x00003508      0x168 ..\obj\misc.o
                                0x3fa (size before relaxing)
 .debug_str     0x00003670      0x1ea ..\obj\com_can.o
                                0xd35 (size before relaxing)
 .debug_str     0x0000385a      0x18d ..\obj\heap_2.o
                                0x317 (size before relaxing)
 .debug_str     0x000039e7      0xa8d ..\obj\stm32f4xx_tim.o
                                0xdfc (size before relaxing)

.comment        0x00000000       0x70
 .comment       0x00000000       0x70 ..\obj\stm32f4xx_usart.o
                                 0x71 (size before relaxing)
 .comment       0x00000000       0x71 ..\obj\startup_stm32f4xx.o
 .comment       0x00000000       0x71 ..\obj\com_pc.o
 .comment       0x00000000       0x71 ..\obj\main.o
 .comment       0x00000000       0x71 ..\obj\stm32f4xx_rcc.o
 .comment       0x00000000       0x71 ..\obj\timers.o
 .comment       0x00000000       0x71 ..\obj\tasks.o
 .comment       0x00000000       0x71 ..\obj\leds.o
 .comment       0x00000000       0x71 ..\obj\process_can_inj.o
 .comment       0x00000000       0x71 ..\obj\stm32f4xx_gpio.o
 .comment       0x00000000       0x71 ..\obj\list.o
 .comment       0x00000000       0x71 ..\obj\system_stm32f4xx.o
 .comment       0x00000000       0x71 ..\obj\process_can.o
 .comment       0x00000000       0x71 ..\obj\port.o
 .comment       0x00000000       0x71 ..\obj\queue.o
 .comment       0x00000000       0x71 ..\obj\stm32f4xx_exti.o
 .comment       0x00000000       0x71 ..\obj\misc.o
 .comment       0x00000000       0x71 ..\obj\com_can.o
 .comment       0x00000000       0x71 ..\obj\heap_2.o
 .comment       0x00000000       0x71 ..\obj\stm32f4xx_tim.o

.ARM.attributes
                0x00000000       0x35
 .ARM.attributes
                0x00000000       0x37 ..\obj\stm32f4xx_usart.o
 .ARM.attributes
                0x00000037       0x37 ..\obj\startup_stm32f4xx.o
 .ARM.attributes
                0x0000006e       0x37 ..\obj\com_pc.o
 .ARM.attributes
                0x000000a5       0x37 ..\obj\main.o
 .ARM.attributes
                0x000000dc       0x37 ..\obj\stm32f4xx_rcc.o
 .ARM.attributes
                0x00000113       0x37 ..\obj\timers.o
 .ARM.attributes
                0x0000014a       0x37 ..\obj\tasks.o
 .ARM.attributes
                0x00000181       0x37 ..\obj\leds.o
 .ARM.attributes
                0x000001b8       0x37 ..\obj\process_can_inj.o
 .ARM.attributes
                0x000001ef       0x37 ..\obj\stm32f4xx_gpio.o
 .ARM.attributes
                0x00000226       0x37 ..\obj\list.o
 .ARM.attributes
                0x0000025d       0x37 ..\obj\system_stm32f4xx.o
 .ARM.attributes
                0x00000294       0x37 ..\obj\process_can.o
 .ARM.attributes
                0x000002cb       0x37 ..\obj\port.o
 .ARM.attributes
                0x00000302       0x37 ..\obj\queue.o
 .ARM.attributes
                0x00000339       0x37 ..\obj\stm32f4xx_exti.o
 .ARM.attributes
                0x00000370       0x37 ..\obj\misc.o
 .ARM.attributes
                0x000003a7       0x37 ..\obj\com_can.o
 .ARM.attributes
                0x000003de       0x37 ..\obj\heap_2.o
 .ARM.attributes
                0x00000415       0x37 ..\obj\stm32f4xx_tim.o
 .ARM.attributes
                0x0000044c       0x20 c:/program files (x86)/gnu tools arm embedded/4.9 2015q1/bin/../lib/gcc/arm-none-eabi/4.9.3/../../../../arm-none-eabi/lib/armv7e-m/softfp\libg.a(lib_a-memcpy.o)
 .ARM.attributes
                0x0000046c       0x32 c:/program files (x86)/gnu tools arm embedded/4.9 2015q1/bin/../lib/gcc/arm-none-eabi/4.9.3/../../../../arm-none-eabi/lib/armv7e-m/softfp\libg.a(lib_a-memset.o)
 .ARM.attributes
                0x0000049e       0x32 c:/program files (x86)/gnu tools arm embedded/4.9 2015q1/bin/../lib/gcc/arm-none-eabi/4.9.3/../../../../arm-none-eabi/lib/armv7e-m/softfp\libg.a(lib_a-strlen.o)

.debug_frame    0x00000000     0x33d4
 .debug_frame   0x00000000      0x490 ..\obj\stm32f4xx_usart.o
 .debug_frame   0x00000490       0x4c ..\obj\startup_stm32f4xx.o
 .debug_frame   0x000004dc       0xec ..\obj\com_pc.o
 .debug_frame   0x000005c8       0x38 ..\obj\main.o
 .debug_frame   0x00000600      0x6d4 ..\obj\stm32f4xx_rcc.o
 .debug_frame   0x00000cd4      0x20c ..\obj\timers.o
 .debug_frame   0x00000ee0      0x5e0 ..\obj\tasks.o
 .debug_frame   0x000014c0       0xb4 ..\obj\leds.o
 .debug_frame   0x00001574       0xf4 ..\obj\process_can_inj.o
 .debug_frame   0x00001668      0x23c ..\obj\stm32f4xx_gpio.o
 .debug_frame   0x000018a4       0xd8 ..\obj\list.o
 .debug_frame   0x0000197c       0x7c ..\obj\system_stm32f4xx.o
 .debug_frame   0x000019f8      0x16c ..\obj\process_can.o
 .debug_frame   0x00001b64      0x1ac ..\obj\port.o
 .debug_frame   0x00001d10      0x41c ..\obj\queue.o
 .debug_frame   0x0000212c      0x148 ..\obj\stm32f4xx_exti.o
 .debug_frame   0x00002274       0xd8 ..\obj\misc.o
 .debug_frame   0x0000234c      0x120 ..\obj\com_can.o
 .debug_frame   0x0000246c       0xc0 ..\obj\heap_2.o
 .debug_frame   0x0000252c      0xe54 ..\obj\stm32f4xx_tim.o
 .debug_frame   0x00003380       0x34 c:/program files (x86)/gnu tools arm embedded/4.9 2015q1/bin/../lib/gcc/arm-none-eabi/4.9.3/../../../../arm-none-eabi/lib/armv7e-m/softfp\libg.a(lib_a-memset.o)
 .debug_frame   0x000033b4       0x20 c:/program files (x86)/gnu tools arm embedded/4.9 2015q1/bin/../lib/gcc/arm-none-eabi/4.9.3/../../../../arm-none-eabi/lib/armv7e-m/softfp\libg.a(lib_a-strlen.o)
